cse0.f ../wave/ABCDE.wave
cse1.f ../wave/ABCDE.wave
ex00.f ../wave/abcd.wave
ex01.f ../wave/abcd.wave
ex02.f ../wave/abcd.wave
ex03.f ../wave/abcd.wave
ex04.f ../wave/abcd.wave
ex05.f ../wave/abcd.wave
ex06.f ../wave/abcd.wave
ex07.f ../wave/abcd.wave
ex08.f ../wave/abcd.wave
ex09.f ../wave/abcd.wave
ex10.f ../wave/abcd.wave
ex11.f ../wave/abcd.wave
ex12.f ../wave/abcd.wave
jvarty_advanced.f ../wave/jvarty_advanced.wave
jvarty_basic.f ../wave/jvarty_basic.wave
psamsono.f ../wave/abcd.wave
rewrite01.f ../wave/abcd.wave
rewrite02.f ../wave/abcd.wave
rewrite03.f ../wave/abcd.wave
rewrite04.f ../wave/abcd.wave
rewrite05.f ../wave/abcd.wave
rewrite06.f ../wave/abcd.wave
rewrite07.f ../wave/abcd.wave
rewrite08.f ../wave/abcd.wave
rewrite09.f ../wave/abcd.wave
rewrite10.f ../wave/abcd.wave
rewrite11.f ../wave/abcd.wave
rewrite12.f ../wave/abcd.wave
rewrite13.f ../wave/abcd.wave
rewrite14.f ../wave/abcd.wave
rewrite15.f ../wave/abcd.wave
rewrite16.f ../wave/abcd.wave
rewrite17.f ../wave/abcd.wave
rewrite18.f ../wave/abcd.wave
rewrite19.f ../wave/abcd.wave
rewrite20.f ../wave/abcd.wave
rewrite21.f ../wave/abcd.wave
rewrite22.f ../wave/abcd.wave
rewrite23.f ../wave/abcd.wave
rewrite24.f ../wave/abcd.wave
rewrite25.f ../wave/abcd.wave
rewrite26.f ../wave/abcd.wave
rewrite27.f ../wave/abcd.wave
rewrite28.f ../wave/abcd.wave
x_or_x_and_y.f ../wave/xy.wave
z01.f ../wave/abcd.wave
z02.f ../wave/abcd.wave
z03.f ../wave/abcd.wave
z04.f ../wave/abcd.wave
z05.f ../wave/abcd.wave
z06.f ../wave/abcd.wave
z07.f ../wave/abcd.wave
z08.f ../wave/abcd.wave
z09.f ../wave/abcd.wave
z10.f ../wave/abcd.wave
z11.f ../wave/abcd.wave
z12.f ../wave/abcd.wave
z13.f ../wave/abcd.wave
